// Jest Snapshot v1, https://goo.gl/fbAQLP

exports[`Calculator component testing Renders correctly 1`] = `
<div
  className="container"
>
  <div
    className="wraper"
  >
    <div
      className="output"
      data-testid="output"
    />
    <div
      className="calculatorBtns"
    >
      <button
        className="acBtn gray"
        onClick={[Function]}
        type="button"
      >
        AC
      </button>
      <button
        className="plusMinusBtn gray"
        onClick={[Function]}
        type="button"
      >
        +/-
      </button>
      <button
        className="PercentageBtn gray"
        onClick={[Function]}
        type="button"
      >
        %
      </button>
      <button
        className="operatorBtn"
        onClick={[Function]}
        type="button"
      >
        รท
      </button>
      <button
        className="digitBtn"
        onClick={[Function]}
        type="button"
      >
        7
      </button>
      <button
        className="digitBtn"
        onClick={[Function]}
        type="button"
      >
        8
      </button>
      <button
        className="digitBtn"
        onClick={[Function]}
        type="button"
      >
        9
      </button>
      <button
        className="operatorBtn"
        onClick={[Function]}
        type="button"
      >
        x
      </button>
      <button
        className="digitBtn"
        onClick={[Function]}
        type="button"
      >
        4
      </button>
      <button
        className="digitBtn"
        onClick={[Function]}
        type="button"
      >
        5
      </button>
      <button
        className="digitBtn"
        onClick={[Function]}
        type="button"
      >
        6
      </button>
      <button
        className="operatorBtn"
        onClick={[Function]}
        type="button"
      >
        -
      </button>
      <button
        className="digitBtn"
        onClick={[Function]}
        type="button"
      >
        1
      </button>
      <button
        className="digitBtn"
        onClick={[Function]}
        type="button"
      >
        2
      </button>
      <button
        className="digitBtn"
        onClick={[Function]}
        type="button"
      >
        3
      </button>
      <button
        className="operatorBtn"
        onClick={[Function]}
        type="button"
      >
        +
      </button>
      <button
        className="digitBtn span2"
        onClick={[Function]}
        type="button"
      >
        0
      </button>
      <button
        className="digitBtn"
        onClick={[Function]}
        type="button"
      >
        .
      </button>
      <button
        className="evaluationBtn"
        onClick={[Function]}
        type="button"
      >
        =
      </button>
    </div>
  </div>
</div>
`;
