// Jest Snapshot v1, https://goo.gl/fbAQLP

exports[`Home components testing Renders correctly 1`] = `
<section
  className="hero"
>
  <h1>
    Welcome to our Page!
  </h1>
  <p>
    Lorem ipsum dolor sit amet consectetur adipisicing elit. Tempore non mollitia officia itaque iusto aspernatur doloremque magni voluptate distinctio excepturi. Libero assumenda sed a, ex error tenetur accusamus repudiandae, saepe enim optio reiciendis est id reprehenderit mollitia, ipsum sunt corporis? Lorem ipsum dolor sit amet consectetur adipisicing elit. Tempore non mollitia officia itaque iusto aspernatur doloremque magni voluptate distinctio excepturi. Libero assumenda sed a, ex error tenetur accusamus repudiandae, saepe enim optio reiciendis est id reprehenderit mollitia, ipsum sunt corporis?
  </p>
  <p>
    Lorem ipsum dolor sit amet consectetur adipisicing elit. Tempore non mollitia officia itaque iusto aspernatur doloremque magni voluptate distinctio excepturi. Libero assumenda sed a, ex error tenetur accusamus repudiandae, saepe enim optio reiciendis est id reprehenderit mollitia, ipsum sunt corporis? Lorem ipsum dolor sit amet consectetur adipisicing elit. Tempore non mollitia officia itaque iusto aspernatur doloremque magni voluptate distinctio excepturi. Libero assumenda sed a, ex error tenetur accusamus repudiandae, saepe enim optio reiciendis est id reprehenderit mollitia, ipsum sunt corporis?
  </p>
</section>
`;
