// Jest Snapshot v1, https://goo.gl/fbAQLP

exports[`Quote component testing Renders correctly 1`] = `
<p>
  Loading...
</p>
`;
